TAP version 13
# C:\\Users\\PC\\Desktop\\botposvendedor\\backend\\dist\\modules\\bot-center\\services\\bot-center.service.js:812
#         streamPublicVideo(messageId, string, range ?  : string);
#                                                       ^
# SyntaxError: Unexpected token ':'
#     at wrapSafe (node:internal/modules/cjs/loader:1472:18)
#     at Module._compile (node:internal/modules/cjs/loader:1501:20)
#     at Module._extensions..js (node:internal/modules/cjs/loader:1613:10)
#     at Module.load (node:internal/modules/cjs/loader:1275:32)
#     at Module._load (node:internal/modules/cjs/loader:1096:12)
#     at Module.require (node:internal/modules/cjs/loader:1298:19)
#     at require (node:internal/modules/helpers:182:18)
#     at Object.<anonymous> (C:\\Users\\PC\\Desktop\\botposvendedor\\backend\\dist\\whatsapp-inbound-flow.test.js:12:30)
#     at Module._compile (node:internal/modules/cjs/loader:1529:14)
#     at Module._extensions..js (node:internal/modules/cjs/loader:1613:10)
# Node.js v20.19.4
# Subtest: C:\\Users\\PC\\Desktop\\botposvendedor\\backend\\dist\\whatsapp-inbound-flow.test.js
not ok 1 - C:\\Users\\PC\\Desktop\\botposvendedor\\backend\\dist\\whatsapp-inbound-flow.test.js
  ---
  duration_ms: 4528.7253
  location: 'C:\\Users\\PC\\Desktop\\botposvendedor\\backend\\dist\\whatsapp-inbound-flow.test.js:1:1'
  failureType: 'testCodeFailure'
  exitCode: 1
  signal: ~
  error: 'test failed'
  code: 'ERR_TEST_FAILURE'
  ...
1..1
# tests 1
# suites 0
# pass 0
# fail 1
# cancelled 0
# skipped 0
# todo 0
# duration_ms 4543.9388
